Script started on 2020-01-17 00:47:15+10:00 [TERM="xterm-256color" TTY="/dev/pts/11" COLUMNS="90" LINES="22"]
]777;notify;Command completed;instances\]777;precmd\]0;m@localhost:~/.bash-my-aws\]7;file://localhost.localdomain/home/m/.bash-my-aws\
$ [H[2J
$ instances
¬ù777;preexec¬úi-09d962a1d688bb3ec  t3.nano   running  grafana-bma  2020-01-16T03:53:44.000Z
i-083f73ad5a1895ba0  t3.small  running  huginn-bma   2020-01-16T03:54:24.000Z
i-0db15ca48ff1ccbfd  t3.nano   running  nginx-bma    2020-01-16T04:29:15.000Z
i-09974ff0cfed5c984  t3.small  running  huginn-bma   2020-01-16T14:45:32.000Z
i-009ae1cdd4d65077d  t3.nano   running  nginx-bma    2020-01-16T14:45:36.000Z
i-09c6be2d518d241e8  t3.nano   running  grafana-bma  2020-01-16T14:45:36.000Z
]777;notify;Command completed;instances\]777;precmd\]0;m@localhost:~/.bash-my-aws\]7;file://localhost.localdomain/home/m/.bash-my-aws\
$ instances
¬ù777;preexec¬úi-09d962a1d688bb3ec  t3.nano   running  grafana-bma  2020-01-16T03:53:44.000Z
i-083f73ad5a1895ba0  t3.small  running  huginn-bma   2020-01-16T03:54:24.000Z
i-0db15ca48ff1ccbfd  t3.nano   running  nginx-bma    2020-01-16T04:29:15.000Z
i-09974ff0cfed5c984  t3.small  running  huginn-bma   2020-01-16T14:45:32.000Z
i-009ae1cdd4d65077d  t3.nano   running  nginx-bma    2020-01-16T14:45:36.000Z
i-09c6be2d518d241e8  t3.nano   running  grafana-bma  2020-01-16T14:45:36.000Z
]777;notify;Command completed;instances\]777;precmd\]0;m@localhost:~/.bash-my-aws\]7;file://localhost.localdomain/home/m/.bash-my-aws\
$ instances nginx | instance-ssh[K[K | instance-asg | asg-capacity 
¬ù777;preexec¬úgrafana-bma-AutoScalingGroup-1NXJHMJVZQVMB  1  1  2
huginn-bma-AutoScalingGroup-QS7EQOT1G7OX    1  1  2
nginx-bma-AutoScalingGroup-106KHAYHUSRHU    1  1  2
]777;notify;Command completed;instances | instance-asg | asg-capacity \]777;precmd\]0;m@localhost:~/.bash-my-aws\]7;file://localhost.localdomain/home/m/.bash-my-aws\
$ instances | instance-asg | asg-capacity [C[C[C[C[C[C[C[C[C[C[C[K
¬ù777;preexec¬úi-09d962a1d688bb3ec  t3.nano   shutting-down  grafana-bma  2020-01-16T03:53:44.000Z
i-083f73ad5a1895ba0  t3.small  shutting-down  huginn-bma   2020-01-16T03:54:24.000Z
i-0db15ca48ff1ccbfd  t3.nano   shutting-down  nginx-bma    2020-01-16T04:29:15.000Z
i-09974ff0cfed5c984  t3.small  running        huginn-bma   2020-01-16T14:45:32.000Z
i-009ae1cdd4d65077d  t3.nano   running        nginx-bma    2020-01-16T14:45:36.000Z
i-09c6be2d518d241e8  t3.nano   running        grafana-bma  2020-01-16T14:45:36.000Z
]777;notify;Command completed;instances\]777;precmd\]0;m@localhost:~/.bash-my-aws\]7;file://localhost.localdomain/home/m/.bash-my-aws\
$ [H[2J
$ instances | instance-asg | asg-capacity [C[C[C[C[C[C[C[C[C[C[C[K
¬ù777;preexec¬úi-09d962a1d688bb3ec  t3.nano   shutting-down  grafana-bma  2020-01-16T03:53:44.000Z
i-083f73ad5a1895ba0  t3.small  shutting-down  huginn-bma   2020-01-16T03:54:24.000Z
i-0db15ca48ff1ccbfd  t3.nano   shutting-down  nginx-bma    2020-01-16T04:29:15.000Z
i-09974ff0cfed5c984  t3.small  running        huginn-bma   2020-01-16T14:45:32.000Z
i-009ae1cdd4d65077d  t3.nano   running        nginx-bma    2020-01-16T14:45:36.000Z
i-09c6be2d518d241e8  t3.nano   running        grafana-bma  2020-01-16T14:45:36.000Z
]777;notify;Command completed;instances\]777;precmd\]0;m@localhost:~/.bash-my-aws\]7;file://localhost.localdomain/home/m/.bash-my-aws\
$ instances running
¬ù777;preexec¬úi-09974ff0cfed5c984  t3.small  running  huginn-bma   2020-01-16T14:45:32.000Z
i-009ae1cdd4d65077d  t3.nano   running  nginx-bma    2020-01-16T14:45:36.000Z
i-09c6be2d518d241e8  t3.nano   running  grafana-bma  2020-01-16T14:45:36.000Z
]777;notify;Command completed;instances running\]777;precmd\]0;m@localhost:~/.bash-my-aws\]7;file://localhost.localdomain/home/m/.bash-my-aws\
$ instances running | instance-as[Kgs[K[Ksgs
¬ù777;preexec¬úbash: instance-asgs: command not found...
^C
]777;notify;Command completed;instances running | instance-asgs\]777;precmd\]0;m@localhost:~/.bash-my-aws\]7;file://localhost.localdomain/home/m/.bash-my-aws\
$ instances running | instance-asgs[K
¬ù777;preexec¬úgrafana-bma-AutoScalingGroup-1NXJHMJVZQVMB  i-09c6be2d518d241e8
huginn-bma-AutoScalingGroup-QS7EQOT1G7OX    i-09974ff0cfed5c984
nginx-bma-AutoScalingGroup-106KHAYHUSRHU    i-009ae1cdd4d65077d
]777;notify;Command completed;instances running | instance-asg\]777;precmd\]0;m@localhost:~/.bash-my-aws\]7;file://localhost.localdomain/home/m/.bash-my-aws\
$ instances running | instance-asg | asg-capacity 
¬ù777;preexec¬úgrafana-bma-AutoScalingGroup-1NXJHMJVZQVMB  1  1  2
huginn-bma-AutoScalingGroup-QS7EQOT1G7OX    1  1  2
nginx-bma-AutoScalingGroup-106KHAYHUSRHU    1  1  2
]777;notify;Command completed;instances running | instance-asg | asg-capacity \]777;precmd\]0;m@localhost:~/.bash-my-aws\]7;file://localhost.localdomain/home/m/.bash-my-aws\
$ instances running | instance-asg | asg-capacity [K[K[K[K[K[K[K[K[Kdesired-size-set 1[K^C
]777;notify;Command completed;instances running | instance-asg | asg-capacity \]777;precmd\]0;m@localhost:~/.bash-my-aws\]7;file://localhost.localdomain/home/m/.bash-my-aws\
$ instances
¬ù777;preexec¬úi-09d962a1d688bb3ec  t3.nano   terminated  grafana-bma  2020-01-16T03:53:44.000Z
i-083f73ad5a1895ba0  t3.small  terminated  huginn-bma   2020-01-16T03:54:24.000Z
i-0db15ca48ff1ccbfd  t3.nano   terminated  nginx-bma    2020-01-16T04:29:15.000Z
i-09974ff0cfed5c984  t3.small  running     huginn-bma   2020-01-16T14:45:32.000Z
i-009ae1cdd4d65077d  t3.nano   running     nginx-bma    2020-01-16T14:45:36.000Z
i-09c6be2d518d241e8  t3.nano   running     grafana-bma  2020-01-16T14:45:36.000Z
]777;notify;Command completed;instances\]777;precmd\]0;m@localhost:~/.bash-my-aws\]7;file://localhost.localdomain/home/m/.bash-my-aws\
$ [H[2J
$ instances
¬ù777;preexec¬úi-09d962a1d688bb3ec  t3.nano   terminated  grafana-bma  2020-01-16T03:53:44.000Z
i-083f73ad5a1895ba0  t3.small  terminated  huginn-bma   2020-01-16T03:54:24.000Z
i-0db15ca48ff1ccbfd  t3.nano   terminated  nginx-bma    2020-01-16T04:29:15.000Z
i-09974ff0cfed5c984  t3.small  running     huginn-bma   2020-01-16T14:45:32.000Z
i-009ae1cdd4d65077d  t3.nano   running     nginx-bma    2020-01-16T14:45:36.000Z
i-09c6be2d518d241e8  t3.nano   running     grafana-bma  2020-01-16T14:45:36.000Z
]777;notify;Command completed;instances\]777;precmd\]0;m@localhost:~/.bash-my-aws\]7;file://localhost.localdomain/home/m/.bash-my-aws\
$ instance-
instance-asg                             instance-state
instance-az                              instance-stop
instance-console                         instance-tags
instance-dns                             instance-terminate
instance-health-set-unhealthy            instance-termination-protection
instance-iam-profile                     instance-termination-protection-disable
instance-ip                              instance-termination-protection-enable
instance-ssh                             instance-type
instance-ssh-details                     instance-userdata
instance-stack                           instance-volumes
instance-start                           instance-vpc

$ instance-ip 
¬ù777;preexec¬úUSAGE: instance-ip instance-id [instance-id]
]777;notify;Command completed;instance-ip \]777;precmd\]0;m@localhost:~/.bash-my-aws\]7;file://localhost.localdomain/home/m/.bash-my-aws\
$ ^C
]777;notify;Command completed;instance-ip \]777;precmd\]0;m@localhost:~/.bash-my-aws\]7;file://localhost.localdomain/home/m/.bash-my-aws\
$ instance-ip s[K-ip [K[K[Ktermination-protection
¬ù777;preexec¬úUSAGE: instance-termination-protection instance-id [instance-id]
]777;notify;Command completed;instance-termination-protection\]777;precmd\]0;m@localhost:~/.bash-my-aws\]7;file://localhost.localdomain/home/m/.bash-my-aws\
$ instance-termination-protection[C[C[C[C[C[C[C[C[C[C[Cip [Ks[K | instance-termination-protection
¬ù777;preexec¬úi-09d962a1d688bb3ec	DisableApiTermination=false
i-083f73ad5a1895ba0	DisableApiTermination=false
i-0db15ca48ff1ccbfd	DisableApiTermination=false
i-09974ff0cfed5c984	DisableApiTermination=false
i-009ae1cdd4d65077d	DisableApiTermination=false
i-09c6be2d518d241e8	DisableApiTermination=false
]777;notify;Command completed;instances | instance-termination-protection\]777;precmd\]0;m@localhost:~/.bash-my-aws\]7;file://localhost.localdomain/home/m/.bash-my-aws\
$ instances | instance-termination-protection[C[C[1@r[1@u[1@n[1@n[1@i[1@n[1@g[1@ 
¬ù777;preexec¬úi-09974ff0cfed5c984	DisableApiTermination=false
i-009ae1cdd4d65077d	DisableApiTermination=false
i-09c6be2d518d241e8	DisableApiTermination=false
]777;notify;Command completed;instances running | instance-termination-protection\]777;precmd\]0;m@localhost:~/.bash-my-aws\]7;file://localhost.localdomain/home/m/.bash-my-aws\
$ instances
¬ù777;preexec¬úi-09d962a1d688bb3ec  t3.nano   terminated  grafana-bma  2020-01-16T03:53:44.000Z
i-083f73ad5a1895ba0  t3.small  terminated  huginn-bma   2020-01-16T03:54:24.000Z
i-0db15ca48ff1ccbfd  t3.nano   terminated  nginx-bma    2020-01-16T04:29:15.000Z
i-09974ff0cfed5c984  t3.small  running     huginn-bma   2020-01-16T14:45:32.000Z
i-009ae1cdd4d65077d  t3.nano   running     nginx-bma    2020-01-16T14:45:36.000Z
i-09c6be2d518d241e8  t3.nano   running     grafana-bma  2020-01-16T14:45:36.000Z
]777;notify;Command completed;instances\]777;precmd\]0;m@localhost:~/.bash-my-aws\]7;file://localhost.localdomain/home/m/.bash-my-aws\
$ exit

Script done on 2020-01-17 08:39:53+10:00 [COMMAND_EXIT_CODE="0"]
